// Jest Snapshot v1, https://goo.gl/fbAQLP

exports[`Pruebas en el Entry Component Debe hacer match con el snapshot 1`] = `
<div class="entry-contariner mb-3 pointer p-2">
  <div class="entry-title d-flex"><span class="text-success fs-5 fw-bold">3</span><span class="mx-1 fs-5">Marzo</span><span class="mx-2 fw-light">2022, Jueves</span></div>
  <div class="entry-description">Estoy aprendiendo Vue.js a buen ritmo</div>
</div>
`;
